===== 영수증 =====
품목:
- 스마트폰 케이스 1개 (단가: 15,000원, 총액: 15,000원)
- 보호필름 1개 (단가: 5,000원, 총액: 5,000원)
소계: 20,000원
할인: 2,000원 (10% 할인)
최종 결제 금액: 18,000원
==================
