===== 영수증 =====
품목:
- 충전 케이블 1개 (단가: 8,000원, 총액: 8,000원)
소계: 8,000원
할인: 0원 (할인 없음)
최종 결제 금액: 8,000원
==================
