===== 영수증 =====
품목:
- 스마트폰 케이스 1개 (단가: 12,000원, 총액: 12,000원)
- 보호필름 1개 (단가: 3,000원, 총액: 3,000원)
소계: 15,000원
할인: 750원 (5% 할인)
최종 결제 금액: 14,250원
==================
