===== 영수증 =====
품목:
- 스마트폰 케이스 1개 (단가: 15,000원, 총액: 15,000원)
- 보호필름 2개 (단가: 5,000원, 총액: 10,000원)
- 충전 케이블 1개 (단가: 8,000원, 총액: 8,000원)
소계: 33,000원
할인: 3,300원 (10% 할인)
최종 결제 금액: 29,700원
==================
