===== 영수증 =====
품목:
- 보호필름 1개 (단가: 5,000원, 총액: 5,000원)
소계: 5,000원
할인: 0원 (할인 없음)
최종 결제 금액: 5,000원
==================
